../Core/Src/liquidcrystal_i2c.c:45:6:HD44780_Init	16	static
../Core/Src/liquidcrystal_i2c.c:93:6:HD44780_Clear	8	static
../Core/Src/liquidcrystal_i2c.c:100:6:HD44780_Home	8	static
../Core/Src/liquidcrystal_i2c.c:107:6:HD44780_SetCursor	40	static
../Core/Src/liquidcrystal_i2c.c:118:6:HD44780_NoDisplay	8	static
../Core/Src/liquidcrystal_i2c.c:125:6:HD44780_Display	8	static
../Core/Src/liquidcrystal_i2c.c:132:6:HD44780_NoCursor	8	static
../Core/Src/liquidcrystal_i2c.c:139:6:HD44780_Cursor	8	static
../Core/Src/liquidcrystal_i2c.c:146:6:HD44780_NoBlink	8	static
../Core/Src/liquidcrystal_i2c.c:153:6:HD44780_Blink	8	static
../Core/Src/liquidcrystal_i2c.c:160:6:HD44780_ScrollDisplayLeft	8	static
../Core/Src/liquidcrystal_i2c.c:166:6:HD44780_ScrollDisplayRight	8	static
../Core/Src/liquidcrystal_i2c.c:172:6:HD44780_LeftToRight	8	static
../Core/Src/liquidcrystal_i2c.c:179:6:HD44780_RightToLeft	8	static
../Core/Src/liquidcrystal_i2c.c:186:6:HD44780_AutoScroll	8	static
../Core/Src/liquidcrystal_i2c.c:193:6:HD44780_NoAutoScroll	8	static
../Core/Src/liquidcrystal_i2c.c:200:6:HD44780_CreateSpecialChar	24	static
../Core/Src/liquidcrystal_i2c.c:211:6:HD44780_PrintSpecialChar	16	static
../Core/Src/liquidcrystal_i2c.c:217:6:HD44780_LoadCustomCharacter	16	static
../Core/Src/liquidcrystal_i2c.c:223:6:HD44780_PrintStr	16	static
../Core/Src/liquidcrystal_i2c.c:232:6:HD44780_PrintChar	16	static
../Core/Src/liquidcrystal_i2c.c:238:6:HD44780_SetBacklight	16	static
../Core/Src/liquidcrystal_i2c.c:245:6:HD44780_NoBacklight	8	static
../Core/Src/liquidcrystal_i2c.c:252:6:HD44780_Backlight	8	static
../Core/Src/liquidcrystal_i2c.c:259:13:SendCommand	16	static
../Core/Src/liquidcrystal_i2c.c:265:13:SendChar	16	static
../Core/Src/liquidcrystal_i2c.c:271:13:Send	24	static
../Core/Src/liquidcrystal_i2c.c:280:13:Write4Bits	16	static
../Core/Src/liquidcrystal_i2c.c:287:13:ExpanderWrite	32	static
../Core/Src/liquidcrystal_i2c.c:294:13:PulseEnable	16	static
../Core/Src/liquidcrystal_i2c.c:304:13:DelayInit	4	static,ignoring_inline_asm
../Core/Src/liquidcrystal_i2c.c:320:13:DelayUS	32	static
